// Jest Snapshot v1, https://goo.gl/fbAQLP

exports[`HelloFunctionalComponent Test Suite render a Header 1`] = `ShallowWrapper {}`;
