// Jest Snapshot v1, https://goo.gl/fbAQLP

exports[`MoviesContainer Test Suite render a MoviesContainer 1`] = `ShallowWrapper {}`;
