// Jest Snapshot v1, https://goo.gl/fbAQLP

exports[`SearchForm Test Suite render a MoviePageContainer 1`] = `ShallowWrapper {}`;
