// Jest Snapshot v1, https://goo.gl/fbAQLP

exports[`CardsList Test Suite render a CardsList 1`] = `ShallowWrapper {}`;
